---
source: crates/baml_tests/src/bytecode_snapshot.rs
---
while_loop_gcd:
    baml: |

        function gcd(a: int, b: int) -> int {
            while (a != b) {
                if (a > b) {
                    a = a - b;
                } else {
                    b = b - a;
                }
            }

            a
        }

    bytecode: |
        function gcd(a: int, b: int) -> int {
          L0:
            load_var a
            load_var b
            cmp_op !=
            pop_jump_if_false L1
            jump L2

          L1:
            load_var a
            return

          L2:
            load_var a
            load_var b
            cmp_op >
            pop_jump_if_false L3
            jump L4

          L3:
            load_var b
            load_var a
            bin_op -
            store_var b
            jump L0

          L4:
            load_var a
            load_var b
            bin_op -
            store_var a
            jump L0
        }

    result: |
        ERROR: execution failed for case 'while_loop_gcd': engine call_function failed for 'main': Function not found: main
        RUST_ERR_DEBUG: Err(execution failed for case 'while_loop_gcd'

        Caused by:
            0: engine call_function failed for 'main'
            1: Function not found: main)

while_loop_with_ending_if:
    baml: |

        function main() -> int {
            let a = 1;

            while (a < 5) {
                a += 1;

                if (a == 2) {
                    break;
                }
            }

            a
        }

    bytecode: |
        function main() -> int {
            load_const 1
            store_var a

          L0:
            load_var a
            load_const 5
            cmp_op <
            pop_jump_if_false L1
            load_var a
            load_const 1
            bin_op +
            store_var a
            load_var a
            load_const 2
            cmp_op ==
            pop_jump_if_false L0

          L1:
            load_var a
            return
        }

    result: BexExternalValue::Int(2)

while_loop_with_break:
    baml: |

        function main() -> int {
            let a = 1;

            while (a < 5) {
                a += 1;

                if (a == 2) {
                    break;
                }
            }

            a
        }

    bytecode: |
        function main() -> int {
            load_const 1
            store_var a

          L0:
            load_var a
            load_const 5
            cmp_op <
            pop_jump_if_false L1
            load_var a
            load_const 1
            bin_op +
            store_var a
            load_var a
            load_const 2
            cmp_op ==
            pop_jump_if_false L0

          L1:
            load_var a
            return
        }

    result: BexExternalValue::Int(2)

break_factorial:
    baml: |

        function factorial(limit: int) -> int {
            let result = 1;

            while (true) {
                if (limit == 0) {
                    break;
                }
                result = result * limit;
                limit = limit - 1;
            }

            result
        }

    bytecode: |
        function factorial(limit: int) -> int {
            load_const 1
            store_var result

          L0:
            load_const true
            pop_jump_if_false L2
            load_var limit
            load_const 0
            cmp_op ==
            pop_jump_if_false L1
            jump L2

          L1:
            load_var result
            load_var limit
            bin_op *
            store_var result
            load_var limit
            load_const 1
            bin_op -
            store_var limit
            jump L0

          L2:
            load_var result
            return
        }

    result: |
        ERROR: execution failed for case 'break_factorial': engine call_function failed for 'main': Function not found: main
        RUST_ERR_DEBUG: Err(execution failed for case 'break_factorial'

        Caused by:
            0: engine call_function failed for 'main'
            1: Function not found: main)

continue_factorial:
    baml: |

        function factorial(limit: int) -> int {
            let result = 1;

            let should_continue = true;
            while (should_continue) {
                result = result * limit;
                limit = limit - 1;

                if (limit != 0) {
                    continue;
                } else {
                    should_continue = false;
                }
            }

            result
        }

    bytecode: |
        function factorial(limit: int) -> int {
            load_const 1
            store_var result
            load_const true
            store_var should_continue

          L0:
            load_var should_continue
            pop_jump_if_false L1
            jump L2

          L1:
            load_var result
            return

          L2:
            load_var result
            load_var limit
            bin_op *
            store_var result
            load_var limit
            load_const 1
            bin_op -
            store_var limit
            load_var limit
            load_const 0
            cmp_op !=
            pop_jump_if_false L3
            jump L0

          L3:
            load_const false
            store_var should_continue
            jump L0
        }

    result: |
        ERROR: execution failed for case 'continue_factorial': engine call_function failed for 'main': Function not found: main
        RUST_ERR_DEBUG: Err(execution failed for case 'continue_factorial'

        Caused by:
            0: engine call_function failed for 'main'
            1: Function not found: main)

continue_nested:
    baml: |

        function nested() -> int {
            while (true) {
                while (false) {
                    continue;
                }
                if (false) {
                    continue;
                }
            }
            5
        }

    bytecode: |
        function nested() -> int {
          L0:
            load_const true
            pop_jump_if_false L1
            jump L2

          L1:
            load_const 5
            return

          L2:
            load_const false
            pop_jump_if_false L3
            jump L2

          L3:
            load_const false
            pop_jump_if_false L0
            jump L0
        }

    result: |
        ERROR: execution failed for case 'continue_nested': engine call_function failed for 'main': Function not found: main
        RUST_ERR_DEBUG: Err(execution failed for case 'continue_nested'

        Caused by:
            0: engine call_function failed for 'main'
            1: Function not found: main)

break_nested:
    baml: |

        function nested() -> int {
            let a = 5;
            while (true) {
                while (true) {
                    a = a + 1;
                    break;
                }
                a = a + 1;
                break;
            }
            a
        }

    bytecode: |
        function nested() -> int {
            load_const 5
            store_var a
            load_const true
            pop_jump_if_false L1
            load_const true
            pop_jump_if_false L0
            load_var a
            load_const 1
            bin_op +
            store_var a

          L0:
            load_var a
            load_const 1
            bin_op +
            store_var a

          L1:
            load_var a
            return
        }

    result: |
        ERROR: execution failed for case 'break_nested': engine call_function failed for 'main': Function not found: main
        RUST_ERR_DEBUG: Err(execution failed for case 'break_nested'

        Caused by:
            0: engine call_function failed for 'main'
            1: Function not found: main)

break_nested_with_variable_conditions:
    baml: |

        function nested(x: bool, y: bool) -> int {
            let a = 5;
            while (x) {
                while (y) {
                    a = a + 1;
                    break;
                }
                a = a + 1;
                break;
            }
            a
        }

    bytecode: |
        function nested(x: bool, y: bool) -> int {
            load_const 5
            store_var a
            load_var x
            pop_jump_if_false L1
            load_var y
            pop_jump_if_false L0
            load_var a
            load_const 1
            bin_op +
            store_var a

          L0:
            load_var a
            load_const 1
            bin_op +
            store_var a

          L1:
            load_var a
            return
        }

    result: |
        ERROR: execution failed for case 'break_nested_with_variable_conditions': engine call_function failed for 'main': Function not found: main
        RUST_ERR_DEBUG: Err(execution failed for case 'break_nested_with_variable_conditions'

        Caused by:
            0: engine call_function failed for 'main'
            1: Function not found: main)

while_loop_with_conditional_break:
    baml: |

        function count_down(n: int) -> int {
            let result = 0;
            while (true) {
                result = result + n;
                n = n - 1;
                if (n == 0) {
                    break;
                }
            }
            result
        }

    bytecode: |
        function count_down(n: int) -> int {
            load_const 0
            store_var result

          L0:
            load_const true
            pop_jump_if_false L1
            load_var result
            load_var n
            bin_op +
            store_var result
            load_var n
            load_const 1
            bin_op -
            store_var n
            load_var n
            load_const 0
            cmp_op ==
            pop_jump_if_false L0

          L1:
            load_var result
            return
        }

    result: |
        ERROR: execution failed for case 'while_loop_with_conditional_break': engine call_function failed for 'main': Function not found: main
        RUST_ERR_DEBUG: Err(execution failed for case 'while_loop_with_conditional_break'

        Caused by:
            0: engine call_function failed for 'main'
            1: Function not found: main)
