---
source: baml-runtime/src/control_flow/tests.rs
expression: snapshot_value
input_file: baml-runtime/src/control_flow/testdata/TopLevelNotFlattened.baml
---
hir: "Some(\n    Block {\n        statements: [\n            HeaderContextEnter(\n                HeaderContext {\n                    level: 1,\n                    title: \"Only Child\",\n                    span: Span {\n                        file: SourceFile { path: \"src/control_flow/testdata/TopLevelNotFlattened.baml\", contents: ... },\n                        start: 66,\n                        end: 81,\n                    },\n                },\n            ),\n        ],\n        trailing_expr: Some(\n            StringValue(\n                \"done\",\n                Span {\n                    file: SourceFile { path: \"src/control_flow/testdata/TopLevelNotFlattened.baml\", contents: ... },\n                    start: 86,\n                    end: 92,\n                },\n            ),\n        ),\n    },\n)"
expr:
  nodes:
    "TopLevelNotFlattened|root:0":
      label: TopLevelNotFlattened
      node_type: function
      parent: ~
      span:
        file: src/control_flow/testdata/TopLevelNotFlattened.baml
        start: 18
        end: 94
    "TopLevelNotFlattened|root:0|hdr:only-child:0":
      label: Only Child
      node_type: header
      parent: "TopLevelNotFlattened|root:0"
      span:
        file: src/control_flow/testdata/TopLevelNotFlattened.baml
        start: 66
        end: 81
  edges: {}
mermaid: "flowchart TD\n    subgraph cluster_NTopLevelNotFlattened_root_0_7274[TopLevelNotFlattened]\n        NTopLevelNotFlattened_root_0_7274((TopLevelNotFlattened))\n        NTopLevelNotFlattened_root_0_hdr_only_child_0_8783[Only Child]\n    end"
