---
source: target/debug/build/baml_tests-0fbde5d1c173768c/out/generated_tests.rs
expression: output
---
=== HIR ITEMS ===
function Ambiguous {
  params: [input: String]
  return: String
  body: Expr {
    exprs: [
      Idx::<Expr>(0): Missing
    ]
    root: Idx::<Expr>(0)
  }
}
function AnotherLLM {
  params: [input: String]
  return: String
  body: Expr {
    exprs: [
      Idx::<Expr>(0): Missing
    ]
    root: Idx::<Expr>(0)
  }
}
function ProcessData {
  params: [data: Path(Path { segments: ["JsonData"], kind: Plain })]
  return: String
  body: Expr {
    exprs: [
      Idx::<Expr>(0): Missing
    ]
    root: Idx::<Expr>(0)
  }
}
class JsonData {
  field1: Int
  field2: Int
}
function ExtractData {
  params: [text: String]
  return: Path(Path { segments: ["JsonData"], kind: Plain })
  body: Llm {
    client: GPT4
    prompt: "\n    Extract structured data from: {{ text }}\n    Return as JSON.\n  "
    interpolations: [text]
  }
}
function ProcessAnalysis {
  params: [analysis: Path(Path { segments: ["Analysis"], kind: Plain })]
  return: String
  body: Expr {
    exprs: [
      Idx::<Expr>(0): Missing
    ]
    root: Idx::<Expr>(0)
  }
}
function ChainedProcess {
  params: [input: String]
  return: String
  body: Llm {
    client: GPT4
    prompt: "\n    Process this through multiple steps:\n    1. {{ input }}\n    2. Transform it\n    3. Return result\n  "
    interpolations: [input]
  }
}
function LLMAnalyze {
  params: [text: String]
  return: Path(Path { segments: ["Analysis"], kind: Plain })
  body: Llm {
    client: GPT4
    prompt: "\n    Analyze the following text:\n    {{ text }}\n    \n    Return an Analysis object with sentiment and keywords.\n  "
    interpolations: [text]
  }
}
function SimpleCalc {
  params: [a: Int, b: Int]
  return: Int
  body: Expr {
    exprs: [
      Idx::<Expr>(0): Missing
    ]
    root: Idx::<Expr>(0)
  }
}
class Analysis {
  sentiment: String
  keywords: List(Path(Path { segments: ["string"], kind: Plain }))
  score: Float
}
