---
source: target/debug/build/baml_tests-17af2d4231950a65/out/generated_tests.rs
expression: output
---
=== ORIGINAL ===
class Bar {

}

function Foo(x: int) -> string {



    
    // comment
    
    
    x + 1
    // comment
    
    
    
    x + 2



    // comment



    x + 3

    console.log(x);



    
    // test

    x + 3;


    
}

=== FORMATTED ===

class Bar {

}

function Foo(x: int) -> string {

  // comment
  x + 1

  // comment
  x + 2

  // comment
  x + 3

  console.log(x);

  // test
  x + 3;

}

=== IDEMPOTENCY CHECK ===
✓ Idempotent (formatting is stable)
