---
source: target/debug/build/baml_tests-17af2d4231950a65/out/generated_tests.rs
expression: output
---
=== TYPE INFERENCE ===
  Function Foo:
    Return: Void
    Errors:
      - Unknown type x
      - Invalid op Add for unknown and int
      - Unknown type x
      - Invalid op Add for unknown and int
      - Unknown type x
      - Invalid op Add for unknown and int
      - Unknown type x
      - Invalid op Add for unknown and int
      - Unknown type x
      - Invalid op Add for unknown and int
      - Unknown type x
      - Invalid op Add for unknown and int
      - Unknown type x
      - Invalid op Add for unknown and int
      - Unknown type x
      - Invalid op Add for unknown and int
      - Unknown type x
      - Invalid op Add for unknown and int
      - Unknown type x
      - Invalid op Add for unknown and int
      - Expected int. Found void
  Function foo:
    Return: Int
    Errors:
      - Unknown type z
      - Invalid op Add for int and unknown
  Function Qux:
    Return: Int
  Function Bar:
    Return: Int
  Function Foo:
    Return: Int
  Function Baz:
    Return: Int
  Function HelloWorld:
    Return: String
  Function HelloWorld:
    Return: String
