---
source: target/debug/build/baml_tests-17af2d4231950a65/out/generated_tests.rs
expression: output
---
=== DIAGNOSTICS ===
  [name] Error: Duplicate function 'Foo'
   ╭─[ 2:1:1 ]
   │
 1 │ function Foo(x int) -> int {
   │ │ 
   │ ╰─ function 'Foo' defined in old_param_syntax.baml
   │
   ├─[ 0:1:1 ]
   │
 1 │ function Foo() -> int {
   │ │ 
   │ ╰─ 'Foo' previously defined in extra_semicolons.baml
   │ 
   │ Note: Error code: E0011
───╯

  [name] Error: Duplicate class 'Foo'
   ╭─[ 3:1:1 ]
   │
 1 │ class /*comment*/ Foo{ // comment
   │ │ 
   │ ╰─ class 'Foo' defined in weird_comments.baml
   │
   ├─[ 0:1:1 ]
   │
 1 │ function Foo() -> int {
   │ │ 
   │ ╰─ 'Foo' previously defined in extra_semicolons.baml
   │ 
   │ Note: Error code: E0011
───╯

  [name] Error: Duplicate enum 'Bar'
   ╭─[ 3:1:1 ]
   │
 1 │ class /*comment*/ Foo{ // comment
   │ │ 
   │ ╰─ enum 'Bar' defined in weird_comments.baml
   │
   ├─[ 2:1:1 ]
   │
 1 │ function Foo(x int) -> int {
   │ │ 
   │ ╰─ 'Bar' previously defined in old_param_syntax.baml
   │ 
   │ Note: Error code: E0011
───╯

  [name] Error: Duplicate function 'HelloWorld'
   ╭─[ 4:1:1 ]
   │
 1 │ class Foo{
   │ │ 
   │ ╰─ function 'HelloWorld' defined in weird_whitespace.baml
   │
   ├─[ 3:1:1 ]
   │
 1 │ class /*comment*/ Foo{ // comment
   │ │ 
   │ ╰─ 'HelloWorld' previously defined in weird_comments.baml
   │ 
   │ Note: Error code: E0011
───╯

  [name] Error: Duplicate class 'Foo'
   ╭─[ 4:1:1 ]
   │
 1 │ class Foo{
   │ │ 
   │ ╰─ class 'Foo' defined in weird_whitespace.baml
   │
   ├─[ 0:1:1 ]
   │
 1 │ function Foo() -> int {
   │ │ 
   │ ╰─ 'Foo' previously defined in extra_semicolons.baml
   │ 
   │ Note: Error code: E0011
───╯

  [name] Error: Duplicate enum 'Bar'
   ╭─[ 4:1:1 ]
   │
 1 │ class Foo{
   │ │ 
   │ ╰─ enum 'Bar' defined in weird_whitespace.baml
   │
   ├─[ 2:1:1 ]
   │
 1 │ function Foo(x int) -> int {
   │ │ 
   │ ╰─ 'Bar' previously defined in old_param_syntax.baml
   │ 
   │ Note: Error code: E0011
───╯

  [name] Error: Duplicate type alias 'UserId'
   ╭─[ 4:1:1 ]
   │
 1 │ class Foo{
   │ │ 
   │ ╰─ type alias 'UserId' defined in weird_whitespace.baml
   │
   ├─[ 3:1:1 ]
   │
 1 │ class /*comment*/ Foo{ // comment
   │ │ 
   │ ╰─ 'UserId' previously defined in weird_comments.baml
   │ 
   │ Note: Error code: E0011
───╯

  [name] Error: Duplicate client 'GPT4'
   ╭─[ 4:1:1 ]
   │
 1 │ class Foo{
   │ │ 
   │ ╰─ client 'GPT4' defined in weird_whitespace.baml
   │
   ├─[ 3:1:1 ]
   │
 1 │ class /*comment*/ Foo{ // comment
   │ │ 
   │ ╰─ 'GPT4' previously defined in weird_comments.baml
   │ 
   │ Note: Error code: E0011
───╯

  [name] Error: Duplicate test 'TestUser'
   ╭─[ 4:1:1 ]
   │
 1 │ class Foo{
   │ │ 
   │ ╰─ test 'TestUser' defined in weird_whitespace.baml
   │
   ├─[ 3:1:1 ]
   │
 1 │ class /*comment*/ Foo{ // comment
   │ │ 
   │ ╰─ 'TestUser' previously defined in weird_comments.baml
   │ 
   │ Note: Error code: E0011
───╯

  [type] Error: Unknown variable x
   ╭─[ 0:2:3 ]
   │
 2 │   x + 1;;;;;;
   │   ┬  
   │   ╰── Unknown variable x
   │ 
   │ Note: Error code: E0003
───╯

  [type] Error: Cannot apply operator 'Add' to types unknown and int
   ╭─[ 0:2:3 ]
   │
 2 │   x + 1;;;;;;
   │   ──┬──  
   │     ╰──── Cannot apply operator 'Add' to types unknown and int
   │ 
   │ Note: Error code: E0004
───╯

  [type] Error: Unknown variable x
   ╭─[ 0:3:3 ]
   │
 3 │   x + 1;;;;;;
   │   ┬  
   │   ╰── Unknown variable x
   │ 
   │ Note: Error code: E0003
───╯

  [type] Error: Cannot apply operator 'Add' to types unknown and int
   ╭─[ 0:3:3 ]
   │
 3 │   x + 1;;;;;;
   │   ──┬──  
   │     ╰──── Cannot apply operator 'Add' to types unknown and int
   │ 
   │ Note: Error code: E0004
───╯

  [type] Error: Unknown variable x
   ╭─[ 0:4:3 ]
   │
 4 │   x + 1;;;;;;
   │   ┬  
   │   ╰── Unknown variable x
   │ 
   │ Note: Error code: E0003
───╯

  [type] Error: Cannot apply operator 'Add' to types unknown and int
   ╭─[ 0:4:3 ]
   │
 4 │   x + 1;;;;;;
   │   ──┬──  
   │     ╰──── Cannot apply operator 'Add' to types unknown and int
   │ 
   │ Note: Error code: E0004
───╯

  [type] Error: Unknown variable x
   ╭─[ 0:5:3 ]
   │
 5 │   x + 1;;;;;;
   │   ┬  
   │   ╰── Unknown variable x
   │ 
   │ Note: Error code: E0003
───╯

  [type] Error: Cannot apply operator 'Add' to types unknown and int
   ╭─[ 0:5:3 ]
   │
 5 │   x + 1;;;;;;
   │   ──┬──  
   │     ╰──── Cannot apply operator 'Add' to types unknown and int
   │ 
   │ Note: Error code: E0004
───╯

  [type] Error: Unknown variable x
   ╭─[ 0:6:3 ]
   │
 6 │   x + 1;;;;;;
   │   ┬  
   │   ╰── Unknown variable x
   │ 
   │ Note: Error code: E0003
───╯

  [type] Error: Cannot apply operator 'Add' to types unknown and int
   ╭─[ 0:6:3 ]
   │
 6 │   x + 1;;;;;;
   │   ──┬──  
   │     ╰──── Cannot apply operator 'Add' to types unknown and int
   │ 
   │ Note: Error code: E0004
───╯

  [type] Error: Unknown variable x
   ╭─[ 0:7:3 ]
   │
 7 │   x + 1;;;;;;
   │   ┬  
   │   ╰── Unknown variable x
   │ 
   │ Note: Error code: E0003
───╯

  [type] Error: Cannot apply operator 'Add' to types unknown and int
   ╭─[ 0:7:3 ]
   │
 7 │   x + 1;;;;;;
   │   ──┬──  
   │     ╰──── Cannot apply operator 'Add' to types unknown and int
   │ 
   │ Note: Error code: E0004
───╯

  [type] Error: Unknown variable x
   ╭─[ 0:8:3 ]
   │
 8 │   x + 1;;;;;;
   │   ┬  
   │   ╰── Unknown variable x
   │ 
   │ Note: Error code: E0003
───╯

  [type] Error: Cannot apply operator 'Add' to types unknown and int
   ╭─[ 0:8:3 ]
   │
 8 │   x + 1;;;;;;
   │   ──┬──  
   │     ╰──── Cannot apply operator 'Add' to types unknown and int
   │ 
   │ Note: Error code: E0004
───╯

  [type] Error: Unknown variable x
   ╭─[ 0:9:3 ]
   │
 9 │   x + 1;;;;;;
   │   ┬  
   │   ╰── Unknown variable x
   │ 
   │ Note: Error code: E0003
───╯

  [type] Error: Cannot apply operator 'Add' to types unknown and int
   ╭─[ 0:9:3 ]
   │
 9 │   x + 1;;;;;;
   │   ──┬──  
   │     ╰──── Cannot apply operator 'Add' to types unknown and int
   │ 
   │ Note: Error code: E0004
───╯

  [type] Error: Unknown variable x
    ╭─[ 0:10:3 ]
    │
 10 │   x + 1;;;;;;
    │   ┬  
    │   ╰── Unknown variable x
    │ 
    │ Note: Error code: E0003
────╯

  [type] Error: Cannot apply operator 'Add' to types unknown and int
    ╭─[ 0:10:3 ]
    │
 10 │   x + 1;;;;;;
    │   ──┬──  
    │     ╰──── Cannot apply operator 'Add' to types unknown and int
    │ 
    │ Note: Error code: E0004
────╯

  [type] Error: Unknown variable x
    ╭─[ 0:11:3 ]
    │
 11 │   x + 1;;;;;;
    │   ┬  
    │   ╰── Unknown variable x
    │ 
    │ Note: Error code: E0003
────╯

  [type] Error: Cannot apply operator 'Add' to types unknown and int
    ╭─[ 0:11:3 ]
    │
 11 │   x + 1;;;;;;
    │   ──┬──  
    │     ╰──── Cannot apply operator 'Add' to types unknown and int
    │ 
    │ Note: Error code: E0004
────╯

  [type] Error: Expected int, found void
   ╭─[ 0:1:1 ]
   │
 1 │ function Foo() -> int {
   │ │ 
   │ ╰─ Expected int, found void
   │ 
   │ Note: Error code: E0001
───╯

  [type] Error: Unknown variable z
    ╭─[ 1:16:5 ]
    │
 16 │     z;
    │     ┬  
    │     ╰── Unknown variable z
    │ 
    │ Note: Error code: E0003
────╯

  [type] Error: Cannot apply operator 'Add' to types int and unknown
    ╭─[ 1:9:8 ]
    │
  9 │ ╭─▶     w = x
    ┆ ┆   
 16 │ ├─▶     z;
    │ │            
    │ ╰──────────── Cannot apply operator 'Add' to types int and unknown
    │     
    │     Note: Error code: E0004
────╯
