---
source: crates/baml_tests/src/generated_tests.rs
---
Slash "/"
Slash "/"
Word "Baude"
Word "Code"
Error "—"
Word "Prompt"
Word "composition"
Word "via"
Word "template_strings"
TemplateString "template_string"
Word "SystemPrompt"
LParen "("
Word "context_files"
Colon ":"
Word "string"
Comma ","
Word "tool_descriptions"
Colon ":"
Word "string"
RParen ")"
Hash "#"
Quote "\""
Word "You"
Word "are"
Word "Baude"
Word "Code"
Comma ","
Word "a"
Word "coding"
Word "assistant"
Word "running"
In "in"
Word "the"
Word "user"
Error "'"
Word "s"
Word "terminal"
Dot "."
Word "You"
Word "help"
Word "users"
Word "read"
Comma ","
Word "write"
Comma ","
Word "and"
Word "navigate"
Word "code"
Word "by"
Word "using"
Word "the"
Word "tools"
Word "available"
Word "to"
Word "you"
Dot "."
Word "Be"
Word "concise"
Word "and"
Word "helpful"
Dot "."
LBrace "{"
LBrace "{"
Word "context_files"
RBrace "}"
RBrace "}"
Word "You"
Word "have"
Word "access"
Word "to"
Word "the"
Word "following"
Word "tools"
Dot "."
Word "On"
Word "each"
Word "turn"
Word "you"
Word "MUST"
Return "return"
Word "exactly"
Word "one"
Word "JSON"
Word "object"
Word "matching"
Word "one"
Word "of"
Word "the"
Word "tool"
Word "schemas"
Word "below"
Dot "."
Word "To"
Word "reply"
Word "with"
Word "text"
Comma ","
Word "use"
Word "the"
Word "Respond"
Word "tool"
Dot "."
LBrace "{"
LBrace "{"
Word "tool_descriptions"
RBrace "}"
RBrace "}"
LBrace "{"
LBrace "{"
Word "ctx"
Dot "."
Word "output_format"
RBrace "}"
RBrace "}"
Quote "\""
Hash "#"
TemplateString "template_string"
Word "ToolDescriptions"
LParen "("
RParen ")"
Hash "#"
Quote "\""
Hash "#"
Hash "#"
Word "Available"
Word "Tools"
Minus "-"
Star "*"
Star "*"
Word "ReadFile"
Star "*"
Star "*"
Error "—"
Word "Read"
Word "the"
Word "contents"
Word "of"
Word "a"
Word "file"
Dot "."
Word "Schema"
Colon ":"
LBrace "{"
Quote "\""
Word "path"
Quote "\""
Colon ":"
Quote "\""
Less "<"
Word "filepath"
Greater ">"
Quote "\""
RBrace "}"
Minus "-"
Star "*"
Star "*"
Word "WriteFile"
Star "*"
Star "*"
Error "—"
Word "Write"
Word "content"
Word "to"
Word "a"
Word "file"
LParen "("
Word "creates"
If "if"
Word "needed"
RParen ")"
Dot "."
Word "Schema"
Colon ":"
LBrace "{"
Quote "\""
Word "path"
Quote "\""
Colon ":"
Quote "\""
Less "<"
Word "filepath"
Greater ">"
Quote "\""
Comma ","
Quote "\""
Word "content"
Quote "\""
Colon ":"
Quote "\""
Less "<"
Word "file"
Word "content"
Greater ">"
Quote "\""
RBrace "}"
Minus "-"
Star "*"
Star "*"
Word "Bash"
Star "*"
Star "*"
Error "—"
Word "Run"
Word "a"
Word "shell"
Word "command"
Word "and"
Return "return"
Word "its"
Word "stdout"
Dot "."
Word "Schema"
Colon ":"
LBrace "{"
Quote "\""
Word "command"
Quote "\""
Colon ":"
Quote "\""
Less "<"
Word "shell"
Word "command"
Greater ">"
Quote "\""
RBrace "}"
Minus "-"
Star "*"
Star "*"
Word "Respond"
Star "*"
Star "*"
Error "—"
Word "Send"
Word "a"
Word "text"
Word "reply"
Word "to"
Word "the"
Word "user"
LParen "("
Word "no"
Word "tool"
Word "use"
RParen ")"
Dot "."
Word "Schema"
Colon ":"
LBrace "{"
Quote "\""
Word "text"
Quote "\""
Colon ":"
Quote "\""
Less "<"
Word "your"
Word "message"
Greater ">"
Quote "\""
RBrace "}"
Quote "\""
Hash "#"
TemplateString "template_string"
Word "ConversationHistory"
LParen "("
Word "messages"
Colon ":"
Word "Message"
LBracket "["
RBracket "]"
RParen ")"
Hash "#"
Quote "\""
Hash "#"
Hash "#"
Word "Conversation"
LBrace "{"
Percent "%"
For "for"
Word "msg"
In "in"
Word "messages"
Percent "%"
RBrace "}"
LBracket "["
LBrace "{"
LBrace "{"
Word "msg"
Dot "."
Word "role"
RBrace "}"
RBrace "}"
RBracket "]"
Colon ":"
LBrace "{"
LBrace "{"
Word "msg"
Dot "."
Word "content"
RBrace "}"
RBrace "}"
LBrace "{"
Percent "%"
Word "endfor"
Percent "%"
RBrace "}"
Quote "\""
Hash "#"
