---
source: crates/baml_tests/src/generated_tests.rs
---
Slash "/"
Slash "/"
Word "Baude"
Word "Code"
Error "—"
Word "The"
Word "core"
Word "LLM"
Function "function"
Slash "/"
Slash "/"
Slash "/"
Slash "/"
Word "DecideAction"
Word "takes"
Word "the"
Word "full"
Word "conversation"
Word "context"
Word "and"
Word "returns"
Word "exactly"
Word "one"
Slash "/"
Slash "/"
Word "AgentAction"
Colon ":"
Word "either"
Word "a"
Word "tool"
Word "call"
LParen "("
Word "ReadFile"
Comma ","
Word "WriteFile"
Comma ","
Word "Bash"
RParen ")"
Word "or"
Word "a"
Word "direct"
Slash "/"
Slash "/"
Word "text"
Word "response"
LParen "("
Word "Respond"
RParen ")"
Dot "."
Function "function"
Word "DecideAction"
LParen "("
Word "context_files"
Colon ":"
Word "string"
Comma ","
Word "messages"
Colon ":"
Word "Message"
LBracket "["
RBracket "]"
RParen ")"
Arrow "->"
Word "AgentAction"
LBrace "{"
Client "client"
Word "Claude"
Word "prompt"
Hash "#"
Quote "\""
LBrace "{"
LBrace "{"
Word "SystemPrompt"
LParen "("
Word "context_files"
Comma ","
Word "ToolDescriptions"
LParen "("
RParen ")"
RParen ")"
RBrace "}"
RBrace "}"
LBrace "{"
LBrace "{"
Word "ConversationHistory"
LParen "("
Word "messages"
RParen ")"
RBrace "}"
RBrace "}"
Quote "\""
Hash "#"
RBrace "}"
