---
source: crates/baml_tests/src/generated_tests.rs
---
Slash "/"
Slash "/"
Word "Baude"
Word "Code"
Error "—"
Word "Tool"
Word "execution"
Function "function"
Word "ExecuteReadFile"
LParen "("
Word "action"
Colon ":"
Word "ReadFile"
RParen ")"
Arrow "->"
Word "ToolResult"
LBrace "{"
Let "let"
Word "content"
Equals "="
Word "baml"
Dot "."
Word "fs"
Dot "."
Word "open"
LParen "("
Word "action"
Dot "."
Word "path"
RParen ")"
Dot "."
Word "read"
LParen "("
RParen ")"
Semicolon ";"
Word "ToolResult"
LBrace "{"
Word "tool_name"
Colon ":"
Quote "\""
Word "ReadFile"
Quote "\""
Comma ","
Word "success"
Colon ":"
Word "true"
Comma ","
Word "output"
Colon ":"
Word "content"
RBrace "}"
RBrace "}"
Function "function"
Word "ExecuteWriteFile"
LParen "("
Word "action"
Colon ":"
Word "WriteFile"
RParen ")"
Arrow "->"
Word "ToolResult"
LBrace "{"
Slash "/"
Slash "/"
Word "No"
Word "native"
Word "file-write"
Word "builtin"
Word "yet"
Semicolon ";"
Word "shell"
Word "workaround"
Dot "."
Slash "/"
Slash "/"
Word "Use"
Word "a"
Word "heredoc"
Word "so"
Word "content"
Word "with"
Word "quotes"
Word "and"
Word "special"
Word "chars"
Word "is"
Word "safe"
Dot "."
Let "let"
Word "cmd"
Equals "="
Quote "\""
Word "cat"
Greater ">"
Quote "\""
Plus "+"
Word "action"
Dot "."
Word "path"
Plus "+"
Quote "\""
LessLess "<<"
Error "'"
Word "BAUDE_EOF"
Error "'"
Backslash "\\"
Word "n"
Quote "\""
Plus "+"
Word "action"
Dot "."
Word "content"
Plus "+"
Quote "\""
Backslash "\\"
Word "nBAUDE_EOF"
Quote "\""
Semicolon ";"
Word "baml"
Dot "."
Word "sys"
Dot "."
Word "shell"
LParen "("
Word "cmd"
RParen ")"
Semicolon ";"
Word "ToolResult"
LBrace "{"
Word "tool_name"
Colon ":"
Quote "\""
Word "WriteFile"
Quote "\""
Comma ","
Word "success"
Colon ":"
Word "true"
Comma ","
Word "output"
Colon ":"
Quote "\""
Word "Wrote"
Word "to"
Quote "\""
Plus "+"
Word "action"
Dot "."
Word "path"
RBrace "}"
RBrace "}"
Function "function"
Word "ExecuteBash"
LParen "("
Word "action"
Colon ":"
Word "Bash"
RParen ")"
Arrow "->"
Word "ToolResult"
LBrace "{"
Let "let"
Word "output"
Equals "="
Word "baml"
Dot "."
Word "sys"
Dot "."
Word "shell"
LParen "("
Word "action"
Dot "."
Word "command"
RParen ")"
Semicolon ";"
Word "ToolResult"
LBrace "{"
Word "tool_name"
Colon ":"
Quote "\""
Word "Bash"
Quote "\""
Comma ","
Word "success"
Colon ":"
Word "true"
Comma ","
Word "output"
Colon ":"
Word "output"
RBrace "}"
RBrace "}"
Function "function"
Word "ExecuteTool"
LParen "("
Word "action"
Colon ":"
Word "AgentAction"
RParen ")"
Arrow "->"
Word "ToolResult"
LBrace "{"
Match "match"
LParen "("
Word "action"
RParen ")"
LBrace "{"
Word "rf"
Colon ":"
Word "ReadFile"
FatArrow "=>"
Word "ExecuteReadFile"
LParen "("
Word "rf"
RParen ")"
Comma ","
Word "wf"
Colon ":"
Word "WriteFile"
FatArrow "=>"
Word "ExecuteWriteFile"
LParen "("
Word "wf"
RParen ")"
Comma ","
Word "b"
Colon ":"
Word "Bash"
FatArrow "=>"
Word "ExecuteBash"
LParen "("
Word "b"
RParen ")"
Comma ","
Word "r"
Colon ":"
Word "Respond"
FatArrow "=>"
Word "ToolResult"
LBrace "{"
Word "tool_name"
Colon ":"
Quote "\""
Word "Respond"
Quote "\""
Comma ","
Word "success"
Colon ":"
Word "true"
Comma ","
Word "output"
Colon ":"
Word "r"
Dot "."
Word "text"
RBrace "}"
RBrace "}"
RBrace "}"
