---
source: crates/baml_tests/src/generated_tests.rs
---
Slash "/"
Slash "/"
Word "Baude"
Word "Code"
Error "—"
Word "Core"
Word "type"
Word "definitions"
Slash "/"
Slash "/"
MinusMinus "--"
MinusMinus "--"
MinusMinus "--"
MinusMinus "--"
MinusMinus "--"
MinusMinus "--"
MinusMinus "--"
MinusMinus "--"
MinusMinus "--"
MinusMinus "--"
MinusMinus "--"
MinusMinus "--"
MinusMinus "--"
MinusMinus "--"
MinusMinus "--"
MinusMinus "--"
MinusMinus "--"
MinusMinus "--"
MinusMinus "--"
MinusMinus "--"
MinusMinus "--"
MinusMinus "--"
MinusMinus "--"
MinusMinus "--"
MinusMinus "--"
MinusMinus "--"
MinusMinus "--"
MinusMinus "--"
MinusMinus "--"
MinusMinus "--"
MinusMinus "--"
MinusMinus "--"
MinusMinus "--"
MinusMinus "--"
MinusMinus "--"
MinusMinus "--"
MinusMinus "--"
Minus "-"
Slash "/"
Slash "/"
Word "Tool"
Word "call"
Word "types"
Colon ":"
Word "The"
Word "LLM"
Word "returns"
Word "one"
Word "of"
Word "these"
Word "on"
Word "each"
Word "turn"
Dot "."
Slash "/"
Slash "/"
MinusMinus "--"
MinusMinus "--"
MinusMinus "--"
MinusMinus "--"
MinusMinus "--"
MinusMinus "--"
MinusMinus "--"
MinusMinus "--"
MinusMinus "--"
MinusMinus "--"
MinusMinus "--"
MinusMinus "--"
MinusMinus "--"
MinusMinus "--"
MinusMinus "--"
MinusMinus "--"
MinusMinus "--"
MinusMinus "--"
MinusMinus "--"
MinusMinus "--"
MinusMinus "--"
MinusMinus "--"
MinusMinus "--"
MinusMinus "--"
MinusMinus "--"
MinusMinus "--"
MinusMinus "--"
MinusMinus "--"
MinusMinus "--"
MinusMinus "--"
MinusMinus "--"
MinusMinus "--"
MinusMinus "--"
MinusMinus "--"
MinusMinus "--"
MinusMinus "--"
MinusMinus "--"
Minus "-"
Class "class"
Word "ReadFile"
LBrace "{"
Word "path"
Word "string"
At "@"
Word "description"
LParen "("
Quote "\""
Word "Path"
Word "of"
Word "the"
Word "file"
Word "to"
Word "read"
Quote "\""
RParen ")"
RBrace "}"
Class "class"
Word "WriteFile"
LBrace "{"
Word "path"
Word "string"
At "@"
Word "description"
LParen "("
Quote "\""
Word "Path"
Word "of"
Word "the"
Word "file"
Word "to"
Word "write"
Quote "\""
RParen ")"
Word "content"
Word "string"
At "@"
Word "description"
LParen "("
Quote "\""
Word "Content"
Word "to"
Word "write"
Word "to"
Word "the"
Word "file"
Quote "\""
RParen ")"
RBrace "}"
Class "class"
Word "Bash"
LBrace "{"
Word "command"
Word "string"
At "@"
Word "description"
LParen "("
Quote "\""
Word "Shell"
Word "command"
Word "to"
Word "execute"
Quote "\""
RParen ")"
RBrace "}"
Class "class"
Word "Respond"
LBrace "{"
Word "text"
Word "string"
At "@"
Word "description"
LParen "("
Quote "\""
Word "Text"
Word "response"
Word "to"
Word "show"
Word "the"
Word "user"
Quote "\""
RParen ")"
RBrace "}"
Slash "/"
Slash "/"
Word "The"
Word "union"
Word "that"
Word "the"
Word "LLM"
Word "picks"
Word "from"
Word "each"
Word "turn"
Word "type"
Word "AgentAction"
Equals "="
Word "ReadFile"
Pipe "|"
Word "WriteFile"
Pipe "|"
Word "Bash"
Pipe "|"
Word "Respond"
Slash "/"
Slash "/"
MinusMinus "--"
MinusMinus "--"
MinusMinus "--"
MinusMinus "--"
MinusMinus "--"
MinusMinus "--"
MinusMinus "--"
MinusMinus "--"
MinusMinus "--"
MinusMinus "--"
MinusMinus "--"
MinusMinus "--"
MinusMinus "--"
MinusMinus "--"
MinusMinus "--"
MinusMinus "--"
MinusMinus "--"
MinusMinus "--"
MinusMinus "--"
MinusMinus "--"
MinusMinus "--"
MinusMinus "--"
MinusMinus "--"
MinusMinus "--"
MinusMinus "--"
MinusMinus "--"
MinusMinus "--"
MinusMinus "--"
MinusMinus "--"
MinusMinus "--"
MinusMinus "--"
MinusMinus "--"
MinusMinus "--"
MinusMinus "--"
MinusMinus "--"
MinusMinus "--"
MinusMinus "--"
Minus "-"
Slash "/"
Slash "/"
Word "Conversation"
Word "history"
Slash "/"
Slash "/"
MinusMinus "--"
MinusMinus "--"
MinusMinus "--"
MinusMinus "--"
MinusMinus "--"
MinusMinus "--"
MinusMinus "--"
MinusMinus "--"
MinusMinus "--"
MinusMinus "--"
MinusMinus "--"
MinusMinus "--"
MinusMinus "--"
MinusMinus "--"
MinusMinus "--"
MinusMinus "--"
MinusMinus "--"
MinusMinus "--"
MinusMinus "--"
MinusMinus "--"
MinusMinus "--"
MinusMinus "--"
MinusMinus "--"
MinusMinus "--"
MinusMinus "--"
MinusMinus "--"
MinusMinus "--"
MinusMinus "--"
MinusMinus "--"
MinusMinus "--"
MinusMinus "--"
MinusMinus "--"
MinusMinus "--"
MinusMinus "--"
MinusMinus "--"
MinusMinus "--"
MinusMinus "--"
Minus "-"
Word "type"
Word "Role"
Equals "="
Quote "\""
Word "user"
Quote "\""
Pipe "|"
Quote "\""
Word "assistant"
Quote "\""
Pipe "|"
Quote "\""
Word "tool"
Quote "\""
Class "class"
Word "Message"
LBrace "{"
Word "role"
Word "Role"
Word "content"
Word "string"
RBrace "}"
Slash "/"
Slash "/"
MinusMinus "--"
MinusMinus "--"
MinusMinus "--"
MinusMinus "--"
MinusMinus "--"
MinusMinus "--"
MinusMinus "--"
MinusMinus "--"
MinusMinus "--"
MinusMinus "--"
MinusMinus "--"
MinusMinus "--"
MinusMinus "--"
MinusMinus "--"
MinusMinus "--"
MinusMinus "--"
MinusMinus "--"
MinusMinus "--"
MinusMinus "--"
MinusMinus "--"
MinusMinus "--"
MinusMinus "--"
MinusMinus "--"
MinusMinus "--"
MinusMinus "--"
MinusMinus "--"
MinusMinus "--"
MinusMinus "--"
MinusMinus "--"
MinusMinus "--"
MinusMinus "--"
MinusMinus "--"
MinusMinus "--"
MinusMinus "--"
MinusMinus "--"
MinusMinus "--"
MinusMinus "--"
Minus "-"
Slash "/"
Slash "/"
Word "Tool"
Word "execution"
Word "result"
Slash "/"
Slash "/"
MinusMinus "--"
MinusMinus "--"
MinusMinus "--"
MinusMinus "--"
MinusMinus "--"
MinusMinus "--"
MinusMinus "--"
MinusMinus "--"
MinusMinus "--"
MinusMinus "--"
MinusMinus "--"
MinusMinus "--"
MinusMinus "--"
MinusMinus "--"
MinusMinus "--"
MinusMinus "--"
MinusMinus "--"
MinusMinus "--"
MinusMinus "--"
MinusMinus "--"
MinusMinus "--"
MinusMinus "--"
MinusMinus "--"
MinusMinus "--"
MinusMinus "--"
MinusMinus "--"
MinusMinus "--"
MinusMinus "--"
MinusMinus "--"
MinusMinus "--"
MinusMinus "--"
MinusMinus "--"
MinusMinus "--"
MinusMinus "--"
MinusMinus "--"
MinusMinus "--"
MinusMinus "--"
Minus "-"
Class "class"
Word "ToolResult"
LBrace "{"
Word "tool_name"
Word "string"
Word "success"
Word "bool"
Word "output"
Word "string"
RBrace "}"
