---
source: target/debug/build/baml_tests-aa5d47d691073f9a/out/generated_tests.rs
expression: output
---
Slash "/"
Slash "/"
Word "Test"
Colon ":"
Word "Match"
Word "expression"
Word "exhaustiveness"
Word "and"
Word "unreachable"
Word "arm"
Word "detection"
Class "class"
Word "Success"
LBrace "{"
Word "data"
Word "string"
RBrace "}"
Class "class"
Word "Failure"
LBrace "{"
Word "reason"
Word "string"
RBrace "}"
Slash "/"
Slash "/"
EqualsEquals "=="
EqualsEquals "=="
EqualsEquals "=="
EqualsEquals "=="
EqualsEquals "=="
EqualsEquals "=="
EqualsEquals "=="
EqualsEquals "=="
EqualsEquals "=="
EqualsEquals "=="
EqualsEquals "=="
EqualsEquals "=="
EqualsEquals "=="
EqualsEquals "=="
EqualsEquals "=="
EqualsEquals "=="
EqualsEquals "=="
EqualsEquals "=="
EqualsEquals "=="
EqualsEquals "=="
EqualsEquals "=="
EqualsEquals "=="
EqualsEquals "=="
EqualsEquals "=="
EqualsEquals "=="
EqualsEquals "=="
EqualsEquals "=="
EqualsEquals "=="
EqualsEquals "=="
EqualsEquals "=="
EqualsEquals "=="
EqualsEquals "=="
EqualsEquals "=="
EqualsEquals "=="
EqualsEquals "=="
EqualsEquals "=="
EqualsEquals "=="
EqualsEquals "=="
Slash "/"
Slash "/"
Word "UNREACHABLE"
Word "ARM"
Word "TESTS"
Slash "/"
Slash "/"
Word "These"
Test "test"
Word "that"
Word "arms"
Word "after"
Word "a"
Word "catch-all"
Word "are"
Word "marked"
Word "as"
Word "unreachable"
Slash "/"
Slash "/"
EqualsEquals "=="
EqualsEquals "=="
EqualsEquals "=="
EqualsEquals "=="
EqualsEquals "=="
EqualsEquals "=="
EqualsEquals "=="
EqualsEquals "=="
EqualsEquals "=="
EqualsEquals "=="
EqualsEquals "=="
EqualsEquals "=="
EqualsEquals "=="
EqualsEquals "=="
EqualsEquals "=="
EqualsEquals "=="
EqualsEquals "=="
EqualsEquals "=="
EqualsEquals "=="
EqualsEquals "=="
EqualsEquals "=="
EqualsEquals "=="
EqualsEquals "=="
EqualsEquals "=="
EqualsEquals "=="
EqualsEquals "=="
EqualsEquals "=="
EqualsEquals "=="
EqualsEquals "=="
EqualsEquals "=="
EqualsEquals "=="
EqualsEquals "=="
EqualsEquals "=="
EqualsEquals "=="
EqualsEquals "=="
EqualsEquals "=="
EqualsEquals "=="
EqualsEquals "=="
Slash "/"
Slash "/"
Word "Unreachable"
Word "arm"
Colon ":"
Word "catch-all"
Word "before"
Word "typed"
Word "pattern"
Function "function"
Word "UnreachableAfterCatchAll"
LParen "("
Word "x"
Colon ":"
Word "int"
RParen ")"
Arrow "->"
Word "string"
LBrace "{"
Match "match"
LParen "("
Word "x"
RParen ")"
LBrace "{"
Word "_"
FatArrow "=>"
Quote "\""
Word "catch"
Word "all"
Quote "\""
Comma ","
Word "n"
Colon ":"
Word "int"
FatArrow "=>"
Quote "\""
Word "never"
Word "reached"
Quote "\""
RBrace "}"
RBrace "}"
Slash "/"
Slash "/"
Word "Unreachable"
Word "arm"
Colon ":"
Word "multiple"
Word "arms"
Word "after"
Word "catch-all"
Function "function"
Word "UnreachableMultiple"
LParen "("
Word "x"
Colon ":"
Word "int"
RParen ")"
Arrow "->"
Word "string"
LBrace "{"
Match "match"
LParen "("
Word "x"
RParen ")"
LBrace "{"
Word "_"
FatArrow "=>"
Quote "\""
Word "catch"
Word "all"
Quote "\""
Comma ","
Word "n"
Colon ":"
Word "int"
FatArrow "=>"
Quote "\""
Word "unreachable"
IntegerLiteral "1"
Quote "\""
Comma ","
Word "m"
Colon ":"
Word "int"
FatArrow "=>"
Quote "\""
Word "unreachable"
IntegerLiteral "2"
Quote "\""
RBrace "}"
RBrace "}"
Slash "/"
Slash "/"
EqualsEquals "=="
EqualsEquals "=="
EqualsEquals "=="
EqualsEquals "=="
EqualsEquals "=="
EqualsEquals "=="
EqualsEquals "=="
EqualsEquals "=="
EqualsEquals "=="
EqualsEquals "=="
EqualsEquals "=="
EqualsEquals "=="
EqualsEquals "=="
EqualsEquals "=="
EqualsEquals "=="
EqualsEquals "=="
EqualsEquals "=="
EqualsEquals "=="
EqualsEquals "=="
EqualsEquals "=="
EqualsEquals "=="
EqualsEquals "=="
EqualsEquals "=="
EqualsEquals "=="
EqualsEquals "=="
EqualsEquals "=="
EqualsEquals "=="
EqualsEquals "=="
EqualsEquals "=="
EqualsEquals "=="
EqualsEquals "=="
EqualsEquals "=="
EqualsEquals "=="
EqualsEquals "=="
EqualsEquals "=="
EqualsEquals "=="
EqualsEquals "=="
EqualsEquals "=="
Slash "/"
Slash "/"
Word "EXHAUSTIVE"
Word "WITH"
Word "CATCH-ALL"
Slash "/"
Slash "/"
Word "Catch-all"
Word "patterns"
Word "should"
Word "make"
Word "the"
Match "match"
Word "exhaustive"
Slash "/"
Slash "/"
EqualsEquals "=="
EqualsEquals "=="
EqualsEquals "=="
EqualsEquals "=="
EqualsEquals "=="
EqualsEquals "=="
EqualsEquals "=="
EqualsEquals "=="
EqualsEquals "=="
EqualsEquals "=="
EqualsEquals "=="
EqualsEquals "=="
EqualsEquals "=="
EqualsEquals "=="
EqualsEquals "=="
EqualsEquals "=="
EqualsEquals "=="
EqualsEquals "=="
EqualsEquals "=="
EqualsEquals "=="
EqualsEquals "=="
EqualsEquals "=="
EqualsEquals "=="
EqualsEquals "=="
EqualsEquals "=="
EqualsEquals "=="
EqualsEquals "=="
EqualsEquals "=="
EqualsEquals "=="
EqualsEquals "=="
EqualsEquals "=="
EqualsEquals "=="
EqualsEquals "=="
EqualsEquals "=="
EqualsEquals "=="
EqualsEquals "=="
EqualsEquals "=="
EqualsEquals "=="
Slash "/"
Slash "/"
Word "Exhaustive"
Colon ":"
Word "underscore"
Word "catch-all"
Function "function"
Word "ExhaustiveWithUnderscore"
LParen "("
Word "x"
Colon ":"
Word "int"
RParen ")"
Arrow "->"
Word "int"
LBrace "{"
Match "match"
LParen "("
Word "x"
RParen ")"
LBrace "{"
IntegerLiteral "1"
FatArrow "=>"
IntegerLiteral "100"
Comma ","
IntegerLiteral "2"
FatArrow "=>"
IntegerLiteral "200"
Comma ","
Word "_"
FatArrow "=>"
IntegerLiteral "0"
RBrace "}"
RBrace "}"
Slash "/"
Slash "/"
Word "Exhaustive"
Colon ":"
Word "named"
Word "catch-all"
LParen "("
Word "acts"
Word "same"
Word "as"
Word "_"
RParen ")"
Function "function"
Word "ExhaustiveWithNamedCatchAll"
LParen "("
Word "x"
Colon ":"
Word "int"
RParen ")"
Arrow "->"
Word "int"
LBrace "{"
Match "match"
LParen "("
Word "x"
RParen ")"
LBrace "{"
IntegerLiteral "1"
FatArrow "=>"
IntegerLiteral "100"
Comma ","
Word "other"
FatArrow "=>"
Word "other"
Plus "+"
IntegerLiteral "1"
RBrace "}"
RBrace "}"
Slash "/"
Slash "/"
EqualsEquals "=="
EqualsEquals "=="
EqualsEquals "=="
EqualsEquals "=="
EqualsEquals "=="
EqualsEquals "=="
EqualsEquals "=="
EqualsEquals "=="
EqualsEquals "=="
EqualsEquals "=="
EqualsEquals "=="
EqualsEquals "=="
EqualsEquals "=="
EqualsEquals "=="
EqualsEquals "=="
EqualsEquals "=="
EqualsEquals "=="
EqualsEquals "=="
EqualsEquals "=="
EqualsEquals "=="
EqualsEquals "=="
EqualsEquals "=="
EqualsEquals "=="
EqualsEquals "=="
EqualsEquals "=="
EqualsEquals "=="
EqualsEquals "=="
EqualsEquals "=="
EqualsEquals "=="
EqualsEquals "=="
EqualsEquals "=="
EqualsEquals "=="
EqualsEquals "=="
EqualsEquals "=="
EqualsEquals "=="
EqualsEquals "=="
EqualsEquals "=="
EqualsEquals "=="
Slash "/"
Slash "/"
Word "GUARDS"
Word "DON"
Error "'"
Word "T"
Word "CONTRIBUTE"
Word "TO"
Word "EXHAUSTIVENESS"
Slash "/"
Slash "/"
EqualsEquals "=="
EqualsEquals "=="
EqualsEquals "=="
EqualsEquals "=="
EqualsEquals "=="
EqualsEquals "=="
EqualsEquals "=="
EqualsEquals "=="
EqualsEquals "=="
EqualsEquals "=="
EqualsEquals "=="
EqualsEquals "=="
EqualsEquals "=="
EqualsEquals "=="
EqualsEquals "=="
EqualsEquals "=="
EqualsEquals "=="
EqualsEquals "=="
EqualsEquals "=="
EqualsEquals "=="
EqualsEquals "=="
EqualsEquals "=="
EqualsEquals "=="
EqualsEquals "=="
EqualsEquals "=="
EqualsEquals "=="
EqualsEquals "=="
EqualsEquals "=="
EqualsEquals "=="
EqualsEquals "=="
EqualsEquals "=="
EqualsEquals "=="
EqualsEquals "=="
EqualsEquals "=="
EqualsEquals "=="
EqualsEquals "=="
EqualsEquals "=="
EqualsEquals "=="
Slash "/"
Slash "/"
Word "Non-exhaustive"
Colon ":"
Word "only"
Word "guarded"
Word "patterns"
LParen "("
Word "guards"
Word "don"
Error "'"
Word "t"
Word "guarantee"
Word "coverage"
RParen ")"
Function "function"
Word "GuardedOnlyNonExhaustive"
LParen "("
Word "x"
Colon ":"
Word "int"
RParen ")"
Arrow "->"
Word "int"
LBrace "{"
Match "match"
LParen "("
Word "x"
RParen ")"
LBrace "{"
Word "n"
Colon ":"
Word "int"
If "if"
Word "n"
Greater ">"
IntegerLiteral "0"
FatArrow "=>"
Word "n"
Star "*"
IntegerLiteral "2"
Comma ","
Word "n"
Colon ":"
Word "int"
If "if"
Word "n"
Less "<"
IntegerLiteral "0"
FatArrow "=>"
Word "n"
Star "*"
Minus "-"
IntegerLiteral "1"
RBrace "}"
RBrace "}"
Slash "/"
Slash "/"
Word "Exhaustive"
Colon ":"
Word "guarded"
Word "patterns"
Word "followed"
Word "by"
Word "unguarded"
Word "catch-all"
Function "function"
Word "GuardedWithFallback"
LParen "("
Word "x"
Colon ":"
Word "int"
RParen ")"
Arrow "->"
Word "int"
LBrace "{"
Match "match"
LParen "("
Word "x"
RParen ")"
LBrace "{"
Word "n"
Colon ":"
Word "int"
If "if"
Word "n"
Greater ">"
IntegerLiteral "0"
FatArrow "=>"
Word "n"
Star "*"
IntegerLiteral "2"
Comma ","
Word "_"
FatArrow "=>"
IntegerLiteral "0"
RBrace "}"
RBrace "}"
