---
source: crates/baml_build_request_tests/tests/render_prompt.rs
expression: "&result"
input_file: crates/baml_build_request_tests/testdata/OutputEnum.baml
---
fixture: OutputEnum.baml
error: "Failed to render prompt: Prompt rendering failed: Minijinja error: unknown method: map has no method named output_format (in prompt:3)"
