---
source: crates/baml_tests/tests/bytecode_format/main.rs
---
function User.promote(self: User, bonus: int) -> Report {
  9    0    load_var 1          (self)
       1    load_var 1          (self)
       2    load_field 1        (age)
       3    load_const 0        (1)
       4    bin_op +            
       5    store_field 1       (age)

  10   6    load_var 1          (self)
       7    load_var 2          (bonus)
       8    call 62             (score)
       9    store_var 3         (base)

  11   10   load_var 3          (base)
       11   load_field 0        (score)
       12   load_var 2          (bonus)
       13   bin_op +            
       14   store_var 4         (new_score)

  12   15   alloc_instance 12   (Report)
       16   copy 0              

  13   17   load_var 4          (new_score)
       18   store_field 0       (score)
       19   copy 0              

  14   20   load_var 3          (base)
       21   load_field 1        (label)
       22   store_field 1       (label)
       23   copy 0              

  15   24   load_var 3          (base)
       25   load_field 2        (breakdown)
       26   store_field 2       (breakdown)
       27   return              
}

function http_status(code: int) -> string {
  98    0    load_const 0            ("HTTP ")
        1    store_var 2             (prefix)

  99    2    load_var 1              (code)
        3    copy 0                  
        4    load_const 1            (400)
        5    cmp_op ==               
        6    pop_jump_if_false +3    (to 9)
        7    pop 1                   
        8    jump +49                (to 57)
        9    copy 0                  
        10   load_const 1            (400)
        11   cmp_op <                
        12   pop_jump_if_false +23   (to 35)
        13   copy 0                  
        14   load_const 2            (201)
        15   cmp_op ==               
        16   pop_jump_if_false +3    (to 19)
        17   pop 1                   
        18   jump +45                (to 63)
        19   copy 0                  
        20   load_const 2            (201)
        21   cmp_op <                
        22   pop_jump_if_false +7    (to 29)
        23   copy 0                  
        24   load_const 3            (200)
        25   cmp_op ==               
        26   pop_jump_if_false +3    (to 29)
        27   pop 1                   
        28   jump +38                (to 66)
        29   copy 0                  
        30   load_const 4            (204)
        31   cmp_op ==               
        32   pop_jump_if_false +3    (to 35)
        33   pop 1                   
        34   jump +26                (to 60)
        35   copy 0                  
        36   load_const 5            (404)
        37   cmp_op ==               
        38   pop_jump_if_false +3    (to 41)
        39   pop 1                   
        40   jump +14                (to 54)
        41   copy 0                  
        42   load_const 6            (500)
        43   cmp_op ==               
        44   pop_jump_if_false +3    (to 47)
        45   pop 1                   
        46   jump +5                 (to 51)
        47   pop 1                   

  106   48   load_const 7            ("Unknown")
        49   store_var 3             (label)
        50   jump +18                (to 68)

  105   51   load_const 8            ("Internal Server Error")
        52   store_var 3             (label)
        53   jump +15                (to 68)

  104   54   load_const 9            ("Not Found")
        55   store_var 3             (label)
        56   jump +12                (to 68)

  103   57   load_const 10           ("Bad Request")
        58   store_var 3             (label)
        59   jump +9                 (to 68)

  102   60   load_const 11           ("No Content")
        61   store_var 3             (label)
        62   jump +6                 (to 68)

  101   63   load_const 12           ("Created")
        64   store_var 3             (label)
        65   jump +3                 (to 68)

  100   66   load_const 13           ("OK")
        67   store_var 3             (label)

  108   68   load_var 2              (prefix)
        69   load_var 3              (label)
        70   bin_op +                
        71   return                  
}

function score(input: User | ErrorInfo, threshold: int) -> Report {
  45   0     load_var 1             (input)
       1     load_const 0           (User)
       2     cmp_op instanceof      
       3     pop_jump_if_false +2   (to 5)
       4     jump +7                (to 11)

  47   5     load_var 1             (input)
       6     store_var 5            (e)
       7     load_var 5             (e)
       8     load_field 1           (message)
       9     store_var 3            (name)
       10    jump +6                (to 16)

  46   11    load_var 1             (input)
       12    store_var 4            (u)
       13    load_var 4             (u)
       14    load_field 0           (name)
       15    store_var 3            (name)

  50   16    load_var 1             (input)
       17    load_const 0           (User)
       18    cmp_op instanceof      
       19    pop_jump_if_false +2   (to 21)
       20    jump +8                (to 28)

  52   21    load_var 1             (input)
       22    store_var 8            (e)
       23    load_var 8             (e)
       24    load_field 0           (code)
       25    unary_op -             
       26    store_var 6            (age)
       27    jump +6                (to 33)

  51   28    load_var 1             (input)
       29    store_var 7            (u)
       30    load_var 7             (u)
       31    load_field 1           (age)
       32    store_var 6            (age)

  55   33    load_var 1             (input)
       34    load_const 0           (User)
       35    cmp_op instanceof      
       36    pop_jump_if_false +2   (to 38)
       37    jump +6                (to 43)

  62   38    load_var 1             (input)
       39    store_var 11           (e)
       40    load_const 1           (0)
       41    store_var 9            (role_score)
       42    jump +18               (to 60)

  56   43    load_var 1             (input)
       44    store_var 10           (u)
       45    load_var 10            (u)
       46    load_field 2           (role)
       47    discriminant           
       48    jump_table 0, +102     ([to 58, to 55, to 52, to 49], default to 150)

  60   49    load_const 2           (1)
       50    store_var 9            (role_score)
       51    jump +9                (to 60)

  59   52    load_const 3           (2)
       53    store_var 9            (role_score)
       54    jump +6                (to 60)

  58   55    load_const 4           (5)
       56    store_var 9            (role_score)
       57    jump +3                (to 60)

  57   58    load_const 5           (10)
       59    store_var 9            (role_score)

  65   60    load_var 6             (age)
       61    load_const 3           (2)
       62    bin_op *               
       63    load_const 5           (10)
       64    bin_op +               
       65    store_var 12           (base)

  66   66    load_var 12            (base)
       67    load_const 6           (100)
       68    cmp_op >               
       69    pop_jump_if_false +2   (to 71)
       70    jump +12               (to 82)

  68   71    load_var 12            (base)
       72    load_const 1           (0)
       73    cmp_op <               
       74    pop_jump_if_false +2   (to 76)
       75    jump +4                (to 79)

  70   76    load_var 12            (base)
       77    store_var 13           (capped)
       78    jump +6                (to 84)

  68   79    load_const 1           (0)
       80    store_var 13           (capped)
       81    jump +3                (to 84)

  66   82    load_const 6           (100)
       83    store_var 13           (capped)

  73   84    load_var 13            (capped)
       85    load_const 3           (2)
       86    bin_op %               
       87    load_const 1           (0)
       88    cmp_op ==              
       89    pop_jump_if_false +2   (to 91)
       90    jump +4                (to 94)
       91    load_const 1           (0)
       92    store_var 14           (bonus)
       93    jump +3                (to 96)
       94    load_const 4           (5)
       95    store_var 14           (bonus)

  74   96    load_var 13            (capped)
       97    load_var 9             (role_score)
       98    bin_op *               
       99    load_var 14            (bonus)
       100   bin_op +               
       101   store_var 15           (total)

  76   102   load_var 15            (total)
       103   load_var 2             (threshold)
       104   cmp_op >               
       105   store_var 17           (_50)
       106   load_var 17            (_50)
       107   load_const 7           (true)
       108   cmp_op ==              
       109   pop_jump_if_false +2   (to 111)
       110   jump +4                (to 114)

  78   111   load_const 8           (" [LOW]")
       112   store_var 16           (suffix)
       113   jump +3                (to 116)

  77   114   load_const 9           (" [HIGH]")
       115   store_var 16           (suffix)

  80   116   load_var 3             (name)
       117   load_var 16            (suffix)
       118   bin_op +               
       119   store_var 18           (label)

  82   120   load_var 12            (base)
       121   load_var 13            (capped)
       122   load_var 15            (total)
       123   alloc_array 3          
       124   store_var 19           (scores)

  83   125   load_var 19            (scores)
       126   load_const 1           (0)
       127   load_var 15            (total)
       128   store_array_element    

  84   129   load_var 19            (scores)
       130   load_const 1           (0)
       131   load_array_element     
       132   store_var 20           (top)

  86   133   load_var 12            (base)
       134   load_var 9             (role_score)
       135   load_const 10          ("base")
       136   load_const 11          ("role")
       137   alloc_map 2            
       138   store_var 21           (breakdown)

  88   139   alloc_instance 12      (Report)
       140   copy 0                 

  89   141   load_var 20            (top)
       142   store_field 0          (score)
       143   copy 0                 

  90   144   load_var 18            (label)
       145   store_field 1          (label)
       146   copy 0                 

  91   147   load_var 21            (breakdown)
       148   store_field 2          (breakdown)

  88   149   return                 
       150   unreachable            
}

function stream_User.promote(self: stream_User, bonus: int) -> Report {
  23   0    load_var 1          (self)
       1    load_var 1          (self)
       2    load_field 1        (age)
       3    load_const 0        (1)
       4    bin_op +            
       5    store_field 1       (age)

  27   6    load_var 1          (self)
       7    load_var 2          (bonus)
       8    call 62             (score)
       9    store_var 3         (base)

  31   10   load_var 3          (base)
       11   load_field 0        (score)
       12   load_var 2          (bonus)
       13   bin_op +            
       14   store_var 4         (new_score)

  33   15   alloc_instance 12   (Report)
       16   copy 0              

  36   17   load_var 4          (new_score)
       18   store_field 0       (score)
       19   copy 0              

  38   20   load_var 3          (base)
       21   load_field 1        (label)
       22   store_field 1       (label)
       23   copy 0              

  40   24   load_var 3          (base)
       25   load_field 2        (breakdown)
       26   store_field 2       (breakdown)
       27   return              
}
